// Jest Snapshot v1, https://goo.gl/fbAQLP

exports[`CharactersContainer should match snapshot with all data passing in correctly 1`] = `
<section
  className="character-container"
>
  <SideBar />
  <ScrollText />
</section>
`;
