// Jest Snapshot v1, https://goo.gl/fbAQLP

exports[`Character should match snapshot with all data passed in correctly 1`] = `undefined`;
