// Jest Snapshot v1, https://goo.gl/fbAQLP

exports[`App should match snapshot with all data passed in correctly 1`] = `
<main
  className="App"
>
  <Route
    exact={true}
    path="/"
    render={[Function]}
  />
  <Route
    exact={true}
    path="/movies"
    render={[Function]}
  />
  <Route
    exact={true}
    path="/movies/:id"
    render={[Function]}
  />
  <Route
    exact={true}
    path="/favourites"
    render={[Function]}
  />
</main>
`;
