// Jest Snapshot v1, https://goo.gl/fbAQLP

exports[`Favourite should match snapshot with all data being passed in correctly 1`] = `
<section
  className="favourite"
>
  <h3>
    Name
  </h3>
  <p>
    Homeworld
  </p>
  <p>
    Population of Homeworld
  </p>
  <p>
    Species
  </p>
  <div
    className="related-films"
  >
    <p>
      Related Films
    </p>
  </div>
  <div
    className="favourite-button"
  >
    <i
      className="fas fa-jedi"
    />
  </div>
</section>
`;
